exports[`test renders App correctly 1`] = `
<div
  className="app">
  <div
    className="marvel-characters-list">
    <img
      alt="React logo spinning"
      className="react-logo-loader"
      src="logo.svg" />
  </div>
  <div
    className="app-landing-wrapper">
    <img
      alt="React logo"
      className="react-logo-landing"
      src="logo.svg" />
  </div>
</div>
`;
